../Core/Src/communication_full.c:25:6:komunikasi_ctrl_init	16	static
../Core/Src/communication_full.c:29:9:checksum_ctrl_generator	24	static
../Core/Src/communication_full.c:35:6:tx_ctrl_ping	40	static
../Core/Src/communication_full.c:43:6:tx_ctrl_send_BNO08X	32	static
../Core/Src/communication_full.c:50:6:tx_ctrl_task_done	40	static
../Core/Src/communication_full.c:66:6:tx_ctrl_send_Kinematic	48	static
../Core/Src/communication_full.c:74:6:tx_ctrl_send_Encoder	32	static
../Core/Src/communication_full.c:82:6:tx_ctrl_send_data	48	static
../Core/Src/communication_full.c:90:6:tx_ctrl_send_Astar	40	static
../Core/Src/communication_full.c:101:6:tx_ctrl_send_Command	8	static
../Core/Src/communication_full.c:106:6:tx_ctrl_forwading	16	static
../Core/Src/communication_full.c:110:6:tx_ctrl_send_Odometry	48	static
../Core/Src/communication_full.c:118:6:rx_ctrl_start_get	8	static
../Core/Src/communication_full.c:122:6:rx_ctrl_get	32	static
../Core/Src/communication_full.c:283:6:komunikasi_pc_init	16	static
../Core/Src/communication_full.c:287:9:checksum_pc_generator	24	static
../Core/Src/communication_full.c:293:6:tx_pc_ping	40	static
../Core/Src/communication_full.c:302:6:tx_pc_send_BNO08X	32	static
../Core/Src/communication_full.c:311:6:tx_pc_task_done	40	static
../Core/Src/communication_full.c:320:6:tx_pc_send_Sensor	48	static
../Core/Src/communication_full.c:329:6:tx_pc_send_Kinematic	48	static
../Core/Src/communication_full.c:337:6:tx_pc_send_Encoder	32	static
../Core/Src/communication_full.c:344:6:tx_pc_send_Odometry	48	static
../Core/Src/communication_full.c:351:6:tx_pc_send_data	48	static
../Core/Src/communication_full.c:358:6:rx_pc_start_get	8	static
../Core/Src/communication_full.c:362:6:rx_pc_get	48	static
