../Core/Src/main.c:127:6:HAL_TIM_IC_CaptureCallback	32	static
../Core/Src/main.c:171:6:HAL_UART_RxCpltCallback	16	static
../Core/Src/main.c:186:5:main	248	static
../Core/Src/main.c:416:6:SystemClock_Config	88	static
../Core/Src/main.c:463:13:MX_TIM1_Init	56	static
../Core/Src/main.c:513:13:MX_TIM2_Init	56	static
../Core/Src/main.c:562:13:MX_TIM3_Init	64	static
../Core/Src/main.c:633:13:MX_TIM4_Init	56	static
../Core/Src/main.c:682:13:MX_TIM5_Init	56	static
../Core/Src/main.c:731:13:MX_TIM9_Init	56	static
../Core/Src/main.c:787:13:MX_TIM10_Init	40	static
../Core/Src/main.c:833:13:MX_TIM11_Init	40	static
../Core/Src/main.c:879:13:MX_USART6_UART_Init	8	static
../Core/Src/main.c:910:13:MX_DMA_Init	16	static
../Core/Src/main.c:928:13:MX_GPIO_Init	48	static
../Core/Src/main.c:979:6:run_to_point	296	static
../Core/Src/main.c:996:6:handle_heading	280	static
../Core/Src/main.c:1031:6:set_heading	280	static
../Core/Src/main.c:1056:6:run_to_point_with_yaw	312	static
../Core/Src/main.c:1090:6:run_to_point_orientation	312	static
../Core/Src/main.c:1123:6:Error_Handler	4	static,ignoring_inline_asm
