../Core/Src/main.c:122:6:HAL_TIM_IC_CaptureCallback	40	static
../Core/Src/main.c:172:6:HAL_UART_RxCpltCallback	16	static
../Core/Src/main.c:188:5:main	272	static
../Core/Src/main.c:504:6:SystemClock_Config	88	static
../Core/Src/main.c:551:13:MX_TIM1_Init	56	static
../Core/Src/main.c:601:13:MX_TIM2_Init	56	static
../Core/Src/main.c:650:13:MX_TIM3_Init	64	static
../Core/Src/main.c:721:13:MX_TIM4_Init	56	static
../Core/Src/main.c:770:13:MX_TIM5_Init	56	static
../Core/Src/main.c:819:13:MX_TIM9_Init	56	static
../Core/Src/main.c:875:13:MX_TIM10_Init	40	static
../Core/Src/main.c:921:13:MX_TIM11_Init	40	static
../Core/Src/main.c:967:13:MX_USART6_UART_Init	8	static
../Core/Src/main.c:998:13:MX_DMA_Init	16	static
../Core/Src/main.c:1016:13:MX_GPIO_Init	48	static
../Core/Src/main.c:1067:6:run_to_point	296	static
../Core/Src/main.c:1084:6:handle_heading	280	static
../Core/Src/main.c:1119:6:set_heading	280	static
../Core/Src/main.c:1144:6:run_to_point_with_yaw	288	static
../Core/Src/main.c:1178:6:run_to_point_orientation	312	static
../Core/Src/main.c:1211:6:Error_Handler	4	static,ignoring_inline_asm
