../Core/Src/Motor.c:13:6:agv_run_motor	8	static
../Core/Src/Motor.c:86:6:agv_stop	8	static
../Core/Src/Motor.c:91:6:agv_stop_all	64	static
../Core/Src/Motor.c:98:6:agv_reset_all	64	static
../Core/Src/Motor.c:105:6:agv_encoder_start	8	static
../Core/Src/Motor.c:113:6:agv_forward_kinematic	48	static
../Core/Src/Motor.c:118:8:agv_kinematic_Sx	72	static
../Core/Src/Motor.c:122:8:agv_kinematic_Sy	56	static
../Core/Src/Motor.c:126:8:agv_kinematic_St	40	static
../Core/Src/Motor.c:133:6:agv_inverse_kinematic	328	static
../Core/Src/Motor.c:145:6:agv_inverse_kinematic_basic	296	static
../Core/Src/Motor.c:157:8:agv_calculate_encoder	24	static
../Core/Src/Motor.c:163:6:agv_speed_to_pwm	72	static
